[      89ms] [INFO] %cDownload the React DevTools for a better development experience: https://react.dev/link/react-devtools font-weight:bold @ https://assets.emergent.sh/scripts/emergent-main.js:55
[  122630ms] TypeError: Cannot read properties of undefined (reading 'label')
    at Header (http://localhost:7200/main.c49636cd5990c6c9e045.hot-update.js:386:27)
    at react-stack-bottom-frame (http://localhost:7200/static/js/bundle.js:32145:18)
    at renderWithHooks (http://localhost:7200/static/js/bundle.js:23462:20)
    at updateFunctionComponent (http://localhost:7200/static/js/bundle.js:24731:17)
    at beginWork (http://localhost:7200/static/js/bundle.js:25349:16)
    at runWithFiberInDEV (http://localhost:7200/static/js/bundle.js:20689:14)
    at performUnitOfWork (http://localhost:7200/static/js/bundle.js:27934:93)
    at workLoopSync (http://localhost:7200/static/js/bundle.js:27828:38)
    at renderRootSync (http://localhost:7200/static/js/bundle.js:27812:7)
    at performWorkOnRoot (http://localhost:7200/static/js/bundle.js:27573:42)
[  122628ms] [WARNING] %s

%s
 An error occurred in the <Header> component. Consider adding an error boundary to your tree to customize error handling behavior.
Visit https://react.dev/link/error-boundaries to learn more about error boundaries. @ https://assets.emergent.sh/scripts/emergent-main.js:55
[  133632ms] [ERROR] Failed to load resource: the server responded with a status of 404 (Not Found) @ http://localhost:4000/api/auth/switch:0
[  162993ms] TypeError: Cannot read properties of undefined (reading 'label')
    at Header (http://localhost:7200/main.8e6f621a12d485337be0.hot-update.js:387:27)
    at react-stack-bottom-frame (http://localhost:7200/static/js/bundle.js:32145:18)
    at renderWithHooks (http://localhost:7200/static/js/bundle.js:23462:20)
    at updateFunctionComponent (http://localhost:7200/static/js/bundle.js:24731:17)
    at beginWork (http://localhost:7200/static/js/bundle.js:25349:16)
    at runWithFiberInDEV (http://localhost:7200/static/js/bundle.js:20689:14)
    at performUnitOfWork (http://localhost:7200/static/js/bundle.js:27934:93)
    at workLoopSync (http://localhost:7200/static/js/bundle.js:27828:38)
    at renderRootSync (http://localhost:7200/static/js/bundle.js:27812:7)
    at performWorkOnRoot (http://localhost:7200/static/js/bundle.js:27573:42)
[  162987ms] [WARNING] %s

%s
 An error occurred in the <Header> component. Consider adding an error boundary to your tree to customize error handling behavior.
Visit https://react.dev/link/error-boundaries to learn more about error boundaries. @ https://assets.emergent.sh/scripts/emergent-main.js:55
[  171522ms] [ERROR] Failed to load resource: the server responded with a status of 404 (Not Found) @ http://localhost:4000/api/auth/personas/switch:0
[  173685ms] [INFO] %cDownload the React DevTools for a better development experience: https://react.dev/link/react-devtools font-weight:bold @ https://assets.emergent.sh/scripts/emergent-main.js:55
[  173714ms] TypeError: Cannot read properties of undefined (reading 'label')
    at Header (http://localhost:7200/static/js/bundle.js:4585:27)
    at react-stack-bottom-frame (http://localhost:7200/static/js/bundle.js:32174:18)
    at renderWithHooks (http://localhost:7200/static/js/bundle.js:23491:20)
    at updateFunctionComponent (http://localhost:7200/static/js/bundle.js:24760:17)
    at beginWork (http://localhost:7200/static/js/bundle.js:25378:16)
    at runWithFiberInDEV (http://localhost:7200/static/js/bundle.js:20718:14)
    at performUnitOfWork (http://localhost:7200/static/js/bundle.js:27963:93)
    at workLoopSync (http://localhost:7200/static/js/bundle.js:27857:38)
    at renderRootSync (http://localhost:7200/static/js/bundle.js:27841:7)
    at performWorkOnRoot (http://localhost:7200/static/js/bundle.js:27602:42)
[  173714ms] [WARNING] %s

%s
 An error occurred in the <Header> component. Consider adding an error boundary to your tree to customize error handling behavior.
Visit https://react.dev/link/error-boundaries to learn more about error boundaries. @ https://assets.emergent.sh/scripts/emergent-main.js:55
