[     162ms] [INFO] %cDownload the React DevTools for a better development experience: https://react.dev/link/react-devtools font-weight:bold @ https://assets.emergent.sh/scripts/emergent-main.js:55
[     173ms] Error: Module build failed (from ./node_modules/babel-loader/lib/index.js):
SyntaxError: /Users/deva/Documents/Projects/goalcoachv2/frontend/src/pages/Coach.js: Identifier 'onGoalAction' has already been declared. (171:8)

  169 |   };
  170 |
> 171 |   const onGoalAction = (msg) => {
      |         ^
  172 |     setActionModal(null);
  173 |     setChatOpen(true);
  174 |     // The chat state lives inside ChatModal; we don't surface the
    at constructor (./node_modules/@babel/parser/lib/index.js:369:19)
    at FlowParserMixin.raise (./node_modules/@babel/parser/lib/index.js:6622:19)
    at FlowScopeHandler.checkRedeclarationInScope (./node_modules/@babel/parser/lib/index.js:1623:19)
    at FlowScopeHandler.declareName (./node_modules/@babel/parser/lib/index.js:1589:12)
    at FlowScopeHandler.declareName (./node_modules/@babel/parser/lib/index.js:1690:11)
    at FlowParserMixin.declareNameFromIdentifier (./node_modules/@babel/parser/lib/index.js:7590:16)
    at FlowParserMixin.checkIdentifier (./node_modules/@babel/parser/lib/index.js:7586:12)
    at FlowParserMixin.checkLVal (./node_modules/@babel/parser/lib/index.js:7523:12)
    at FlowParserMixin.parseVarId (./node_modules/@babel/parser/lib/index.js:13446:10)
    at FlowParserMixin.parseVarId (./node_modules/@babel/parser/lib/index.js:3492:11)
    at FlowParserMixin.parseVar (./node_modules/@babel/parser/lib/index.js:13417:12)
    at FlowParserMixin.parseVarStatement (./node_modules/@babel/parser/lib/index.js:13264:10)
    at FlowParserMixin.parseStatementContent (./node_modules/@babel/parser/lib/index.js:12885:23)
    at FlowParserMixin.parseStatementLike (./node_modules/@babel/parser/lib/index.js:12801:17)
    at FlowParserMixin.parseStatementLike (./node_modules/@babel/parser/lib/index.js:2934:24)
    at FlowParserMixin.parseStatementListItem (./node_modules/@babel/parser/lib/index.js:12781:17)
    at FlowParserMixin.parseBlockOrModuleBlockBody (./node_modules/@babel/parser/lib/index.js:13350:61)
    at FlowParserMixin.parseBlockBody (./node_modules/@babel/parser/lib/index.js:13343:10)
    at FlowParserMixin.parseBlock (./node_modules/@babel/parser/lib/index.js:13331:10)
    at FlowParserMixin.parseFunctionBody (./node_modules/@babel/parser/lib/index.js:12134:24)
    at FlowParserMixin.parseFunctionBody (./node_modules/@babel/parser/lib/index.js:2911:11)
    at FlowParserMixin.parseFunctionBodyAndFinish (./node_modules/@babel/parser/lib/index.js:12120:10)
    at FlowParserMixin.parseFunctionBodyAndFinish (./node_modules/@babel/parser/lib/index.js:2919:18)
    at ./node_modules/@babel/parser/lib/index.js:13479:12
    at FlowParserMixin.withSmartMixTopicForbiddingContext (./node_modules/@babel/parser/lib/index.js:12437:14)
    at FlowParserMixin.parseFunction (./node_modules/@babel/parser/lib/index.js:13478:10)
    at FlowParserMixin.parseExportDefaultExpression (./node_modules/@babel/parser/lib/index.js:13941:19)
    at FlowParserMixin.parseExportDefaultExpression (./node_modules/@babel/parser/lib/index.js:2982:18)
    at FlowParserMixin.parseExport (./node_modules/@babel/parser/lib/index.js:13862:25)
    at FlowParserMixin.parseStatementContent (./node_modules/@babel/parser/lib/index.js:12912:27)
    at FlowParserMixin.parseStatementLike (./node_modules/@babel/parser/lib/index.js:12801:17)
    at FlowParserMixin.parseStatementLike (./node_modules/@babel/parser/lib/index.js:2934:24)
    at FlowParserMixin.parseModuleItem (./node_modules/@babel/parser/lib/index.js:12778:17)
    at FlowParserMixin.parseBlockOrModuleBlockBody (./node_modules/@babel/parser/lib/index.js:13350:36)
    at FlowParserMixin.parseBlockBody (./node_modules/@babel/parser/lib/index.js:13343:10)
    at FlowParserMixin.parseProgram (./node_modules/@babel/parser/lib/index.js:12656:10)
    at FlowParserMixin.parseTopLevel (./node_modules/@babel/parser/lib/index.js:12646:25)
    at FlowParserMixin.parseTopLevel (./node_modules/@babel/parser/lib/index.js:3703:28)
    at FlowParserMixin.parse (./node_modules/@babel/parser/lib/index.js:14522:25)
    at parse (./node_modules/@babel/parser/lib/index.js:14556:38)
    at parser (./node_modules/@babel/core/lib/parser/index.js:41:34)
    at parser.next (<anonymous>)
    at normalizeFile (./node_modules/@babel/core/lib/transformation/normalize-file.js:51:37)
    at normalizeFile.next (<anonymous>)
    at run (./node_modules/@babel/core/lib/transformation/index.js:22:50)
    at run.next (<anonymous>)
    at transform (./node_modules/@babel/core/lib/transform.js:22:33)
    at transform.next (<anonymous>)
    at step (./node_modules/gensync/index.js:261:32)
    at ./node_modules/gensync/index.js:273:13
    at constructor (./node_modules/@babel/parser/lib/index.js:369:19)
    at FlowParserMixin.raise (./node_modules/@babel/parser/lib/index.js:6622:19)
    at FlowScopeHandler.checkRedeclarationInScope (./node_modules/@babel/parser/lib/index.js:1623:19)
    at FlowScopeHandler.declareName (./node_modules/@babel/parser/lib/index.js:1589:12)
    at FlowScopeHandler.declareName (./node_modules/@babel/parser/lib/index.js:1690:11)
    at FlowParserMixin.declareNameFromIdentifier (./node_modules/@babel/parser/lib/index.js:7590:16)
    at FlowParserMixin.checkIdentifier (./node_modules/@babel/parser/lib/index.js:7586:12)
    at FlowParserMixin.checkLVal (./node_modules/@babel/parser/lib/index.js:7523:12)
    at FlowParserMixin.parseVarId (./node_modules/@babel/parser/lib/index.js:13446:10)
    at FlowParserMixin.parseVarId (./node_modules/@babel/parser/lib/index.js:3492:11)
    at FlowParserMixin.parseVar (./node_modules/@babel/parser/lib/index.js:13417:12)
    at FlowParserMixin.parseVarStatement (./node_modules/@babel/parser/lib/index.js:13264:10)
    at FlowParserMixin.parseStatementContent (./node_modules/@babel/parser/lib/index.js:12885:23)
    at FlowParserMixin.parseStatementLike (./node_modules/@babel/parser/lib/index.js:12801:17)
    at FlowParserMixin.parseStatementLike (./node_modules/@babel/parser/lib/index.js:2934:24)
    at FlowParserMixin.parseStatementListItem (./node_modules/@babel/parser/lib/index.js:12781:17)
    at FlowParserMixin.parseBlockOrModuleBlockBody (./node_modules/@babel/parser/lib/index.js:13350:61)
    at FlowParserMixin.parseBlockBody (./node_modules/@babel/parser/lib/index.js:13343:10)
    at FlowParserMixin.parseBlock (./node_modules/@babel/parser/lib/index.js:13331:10)
    at FlowParserMixin.parseFunctionBody (./node_modules/@babel/parser/lib/index.js:12134:24)
    at FlowParserMixin.parseFunctionBody (./node_modules/@babel/parser/lib/index.js:2911:11)
    at FlowParserMixin.parseFunctionBodyAndFinish (./node_modules/@babel/parser/lib/index.js:12120:10)
    at FlowParserMixin.parseFunctionBodyAndFinish (./node_modules/@babel/parser/lib/index.js:2919:18)
    at ./node_modules/@babel/parser/lib/index.js:13479:12
    at FlowParserMixin.withSmartMixTopicForbiddingContext (./node_modules/@babel/parser/lib/index.js:12437:14)
    at FlowParserMixin.parseFunction (./node_modules/@babel/parser/lib/index.js:13478:10)
    at FlowParserMixin.parseExportDefaultExpression (./node_modules/@babel/parser/lib/index.js:13941:19)
    at FlowParserMixin.parseExportDefaultExpression (./node_modules/@babel/parser/lib/index.js:2982:18)
    at FlowParserMixin.parseExport (./node_modules/@babel/parser/lib/index.js:13862:25)
    at FlowParserMixin.parseStatementContent (./node_modules/@babel/parser/lib/index.js:12912:27)
    at FlowParserMixin.parseStatementLike (./node_modules/@babel/parser/lib/index.js:12801:17)
    at FlowParserMixin.parseStatementLike (./node_modules/@babel/parser/lib/index.js:2934:24)
    at FlowParserMixin.parseModuleItem (./node_modules/@babel/parser/lib/index.js:12778:17)
    at FlowParserMixin.parseBlockOrModuleBlockBody (./node_modules/@babel/parser/lib/index.js:13350:36)
    at FlowParserMixin.parseBlockBody (./node_modules/@babel/parser/lib/index.js:13343:10)
    at FlowParserMixin.parseProgram (./node_modules/@babel/parser/lib/index.js:12656:10)
    at FlowParserMixin.parseTopLevel (./node_modules/@babel/parser/lib/index.js:12646:25)
    at FlowParserMixin.parseTopLevel (./node_modules/@babel/parser/lib/index.js:3703:28)
    at FlowParserMixin.parse (./node_modules/@babel/parser/lib/index.js:14522:25)
    at parse (./node_modules/@babel/parser/lib/index.js:14556:38)
    at parser (./node_modules/@babel/core/lib/parser/index.js:41:34)
    at parser.next (<anonymous>)
    at normalizeFile (./node_modules/@babel/core/lib/transformation/normalize-file.js:51:37)
    at normalizeFile.next (<anonymous>)
    at run (./node_modules/@babel/core/lib/transformation/index.js:22:50)
    at run.next (<anonymous>)
    at transform (./node_modules/@babel/core/lib/transform.js:22:33)
    at transform.next (<anonymous>)
    at step (./node_modules/gensync/index.js:261:32)
    at ./node_modules/gensync/index.js:273:13
    at ./src/pages/Coach.js (http://localhost:7200/static/js/bundle.js:785:7)
    at options.factory (http://localhost:7200/static/js/bundle.js:41652:30)
    at __webpack_require__ (http://localhost:7200/static/js/bundle.js:41042:32)
    at fn (http://localhost:7200/static/js/bundle.js:41245:21)
    at hotRequire (http://localhost:7200/static/js/bundle.js:41635:47)
    at ./src/App.js (http://localhost:7200/static/js/bundle.js:20:70)
    at options.factory (http://localhost:7200/static/js/bundle.js:41652:30)
    at __webpack_require__ (http://localhost:7200/static/js/bundle.js:41042:32)
    at fn (http://localhost:7200/static/js/bundle.js:41245:21)
    at hotRequire (http://localhost:7200/static/js/bundle.js:41635:47)
[   46774ms] [INFO] %cDownload the React DevTools for a better development experience: https://react.dev/link/react-devtools font-weight:bold @ https://assets.emergent.sh/scripts/emergent-main.js:55
[   46791ms] Error: Module build failed (from ./node_modules/babel-loader/lib/index.js):
SyntaxError: /Users/deva/Documents/Projects/goalcoachv2/frontend/src/pages/Coach.js: Identifier 'onGoalAction' has already been declared. (171:8)

  169 |   };
  170 |
> 171 |   const onGoalAction = (msg) => {
      |         ^
  172 |     setActionModal(null);
  173 |     setChatOpen(true);
  174 |     // The chat state lives inside ChatModal; we don't surface the
    at constructor (./node_modules/@babel/parser/lib/index.js:369:19)
    at FlowParserMixin.raise (./node_modules/@babel/parser/lib/index.js:6622:19)
    at FlowScopeHandler.checkRedeclarationInScope (./node_modules/@babel/parser/lib/index.js:1623:19)
    at FlowScopeHandler.declareName (./node_modules/@babel/parser/lib/index.js:1589:12)
    at FlowScopeHandler.declareName (./node_modules/@babel/parser/lib/index.js:1690:11)
    at FlowParserMixin.declareNameFromIdentifier (./node_modules/@babel/parser/lib/index.js:7590:16)
    at FlowParserMixin.checkIdentifier (./node_modules/@babel/parser/lib/index.js:7586:12)
    at FlowParserMixin.checkLVal (./node_modules/@babel/parser/lib/index.js:7523:12)
    at FlowParserMixin.parseVarId (./node_modules/@babel/parser/lib/index.js:13446:10)
    at FlowParserMixin.parseVarId (./node_modules/@babel/parser/lib/index.js:3492:11)
    at FlowParserMixin.parseVar (./node_modules/@babel/parser/lib/index.js:13417:12)
    at FlowParserMixin.parseVarStatement (./node_modules/@babel/parser/lib/index.js:13264:10)
    at FlowParserMixin.parseStatementContent (./node_modules/@babel/parser/lib/index.js:12885:23)
    at FlowParserMixin.parseStatementLike (./node_modules/@babel/parser/lib/index.js:12801:17)
    at FlowParserMixin.parseStatementLike (./node_modules/@babel/parser/lib/index.js:2934:24)
    at FlowParserMixin.parseStatementListItem (./node_modules/@babel/parser/lib/index.js:12781:17)
    at FlowParserMixin.parseBlockOrModuleBlockBody (./node_modules/@babel/parser/lib/index.js:13350:61)
    at FlowParserMixin.parseBlockBody (./node_modules/@babel/parser/lib/index.js:13343:10)
    at FlowParserMixin.parseBlock (./node_modules/@babel/parser/lib/index.js:13331:10)
    at FlowParserMixin.parseFunctionBody (./node_modules/@babel/parser/lib/index.js:12134:24)
    at FlowParserMixin.parseFunctionBody (./node_modules/@babel/parser/lib/index.js:2911:11)
    at FlowParserMixin.parseFunctionBodyAndFinish (./node_modules/@babel/parser/lib/index.js:12120:10)
    at FlowParserMixin.parseFunctionBodyAndFinish (./node_modules/@babel/parser/lib/index.js:2919:18)
    at ./node_modules/@babel/parser/lib/index.js:13479:12
    at FlowParserMixin.withSmartMixTopicForbiddingContext (./node_modules/@babel/parser/lib/index.js:12437:14)
    at FlowParserMixin.parseFunction (./node_modules/@babel/parser/lib/index.js:13478:10)
    at FlowParserMixin.parseExportDefaultExpression (./node_modules/@babel/parser/lib/index.js:13941:19)
    at FlowParserMixin.parseExportDefaultExpression (./node_modules/@babel/parser/lib/index.js:2982:18)
    at FlowParserMixin.parseExport (./node_modules/@babel/parser/lib/index.js:13862:25)
    at FlowParserMixin.parseStatementContent (./node_modules/@babel/parser/lib/index.js:12912:27)
    at FlowParserMixin.parseStatementLike (./node_modules/@babel/parser/lib/index.js:12801:17)
    at FlowParserMixin.parseStatementLike (./node_modules/@babel/parser/lib/index.js:2934:24)
    at FlowParserMixin.parseModuleItem (./node_modules/@babel/parser/lib/index.js:12778:17)
    at FlowParserMixin.parseBlockOrModuleBlockBody (./node_modules/@babel/parser/lib/index.js:13350:36)
    at FlowParserMixin.parseBlockBody (./node_modules/@babel/parser/lib/index.js:13343:10)
    at FlowParserMixin.parseProgram (./node_modules/@babel/parser/lib/index.js:12656:10)
    at FlowParserMixin.parseTopLevel (./node_modules/@babel/parser/lib/index.js:12646:25)
    at FlowParserMixin.parseTopLevel (./node_modules/@babel/parser/lib/index.js:3703:28)
    at FlowParserMixin.parse (./node_modules/@babel/parser/lib/index.js:14522:25)
    at parse (./node_modules/@babel/parser/lib/index.js:14556:38)
    at parser (./node_modules/@babel/core/lib/parser/index.js:41:34)
    at parser.next (<anonymous>)
    at normalizeFile (./node_modules/@babel/core/lib/transformation/normalize-file.js:51:37)
    at normalizeFile.next (<anonymous>)
    at run (./node_modules/@babel/core/lib/transformation/index.js:22:50)
    at run.next (<anonymous>)
    at transform (./node_modules/@babel/core/lib/transform.js:22:33)
    at transform.next (<anonymous>)
    at step (./node_modules/gensync/index.js:261:32)
    at ./node_modules/gensync/index.js:273:13
    at constructor (./node_modules/@babel/parser/lib/index.js:369:19)
    at FlowParserMixin.raise (./node_modules/@babel/parser/lib/index.js:6622:19)
    at FlowScopeHandler.checkRedeclarationInScope (./node_modules/@babel/parser/lib/index.js:1623:19)
    at FlowScopeHandler.declareName (./node_modules/@babel/parser/lib/index.js:1589:12)
    at FlowScopeHandler.declareName (./node_modules/@babel/parser/lib/index.js:1690:11)
    at FlowParserMixin.declareNameFromIdentifier (./node_modules/@babel/parser/lib/index.js:7590:16)
    at FlowParserMixin.checkIdentifier (./node_modules/@babel/parser/lib/index.js:7586:12)
    at FlowParserMixin.checkLVal (./node_modules/@babel/parser/lib/index.js:7523:12)
    at FlowParserMixin.parseVarId (./node_modules/@babel/parser/lib/index.js:13446:10)
    at FlowParserMixin.parseVarId (./node_modules/@babel/parser/lib/index.js:3492:11)
    at FlowParserMixin.parseVar (./node_modules/@babel/parser/lib/index.js:13417:12)
    at FlowParserMixin.parseVarStatement (./node_modules/@babel/parser/lib/index.js:13264:10)
    at FlowParserMixin.parseStatementContent (./node_modules/@babel/parser/lib/index.js:12885:23)
    at FlowParserMixin.parseStatementLike (./node_modules/@babel/parser/lib/index.js:12801:17)
    at FlowParserMixin.parseStatementLike (./node_modules/@babel/parser/lib/index.js:2934:24)
    at FlowParserMixin.parseStatementListItem (./node_modules/@babel/parser/lib/index.js:12781:17)
    at FlowParserMixin.parseBlockOrModuleBlockBody (./node_modules/@babel/parser/lib/index.js:13350:61)
    at FlowParserMixin.parseBlockBody (./node_modules/@babel/parser/lib/index.js:13343:10)
    at FlowParserMixin.parseBlock (./node_modules/@babel/parser/lib/index.js:13331:10)
    at FlowParserMixin.parseFunctionBody (./node_modules/@babel/parser/lib/index.js:12134:24)
    at FlowParserMixin.parseFunctionBody (./node_modules/@babel/parser/lib/index.js:2911:11)
    at FlowParserMixin.parseFunctionBodyAndFinish (./node_modules/@babel/parser/lib/index.js:12120:10)
    at FlowParserMixin.parseFunctionBodyAndFinish (./node_modules/@babel/parser/lib/index.js:2919:18)
    at ./node_modules/@babel/parser/lib/index.js:13479:12
    at FlowParserMixin.withSmartMixTopicForbiddingContext (./node_modules/@babel/parser/lib/index.js:12437:14)
    at FlowParserMixin.parseFunction (./node_modules/@babel/parser/lib/index.js:13478:10)
    at FlowParserMixin.parseExportDefaultExpression (./node_modules/@babel/parser/lib/index.js:13941:19)
    at FlowParserMixin.parseExportDefaultExpression (./node_modules/@babel/parser/lib/index.js:2982:18)
    at FlowParserMixin.parseExport (./node_modules/@babel/parser/lib/index.js:13862:25)
    at FlowParserMixin.parseStatementContent (./node_modules/@babel/parser/lib/index.js:12912:27)
    at FlowParserMixin.parseStatementLike (./node_modules/@babel/parser/lib/index.js:12801:17)
    at FlowParserMixin.parseStatementLike (./node_modules/@babel/parser/lib/index.js:2934:24)
    at FlowParserMixin.parseModuleItem (./node_modules/@babel/parser/lib/index.js:12778:17)
    at FlowParserMixin.parseBlockOrModuleBlockBody (./node_modules/@babel/parser/lib/index.js:13350:36)
    at FlowParserMixin.parseBlockBody (./node_modules/@babel/parser/lib/index.js:13343:10)
    at FlowParserMixin.parseProgram (./node_modules/@babel/parser/lib/index.js:12656:10)
    at FlowParserMixin.parseTopLevel (./node_modules/@babel/parser/lib/index.js:12646:25)
    at FlowParserMixin.parseTopLevel (./node_modules/@babel/parser/lib/index.js:3703:28)
    at FlowParserMixin.parse (./node_modules/@babel/parser/lib/index.js:14522:25)
    at parse (./node_modules/@babel/parser/lib/index.js:14556:38)
    at parser (./node_modules/@babel/core/lib/parser/index.js:41:34)
    at parser.next (<anonymous>)
    at normalizeFile (./node_modules/@babel/core/lib/transformation/normalize-file.js:51:37)
    at normalizeFile.next (<anonymous>)
    at run (./node_modules/@babel/core/lib/transformation/index.js:22:50)
    at run.next (<anonymous>)
    at transform (./node_modules/@babel/core/lib/transform.js:22:33)
    at transform.next (<anonymous>)
    at step (./node_modules/gensync/index.js:261:32)
    at ./node_modules/gensync/index.js:273:13
    at ./src/pages/Coach.js (http://localhost:7200/static/js/bundle.js:785:7)
    at options.factory (http://localhost:7200/static/js/bundle.js:41652:30)
    at __webpack_require__ (http://localhost:7200/static/js/bundle.js:41042:32)
    at fn (http://localhost:7200/static/js/bundle.js:41245:21)
    at hotRequire (http://localhost:7200/static/js/bundle.js:41635:47)
    at ./src/App.js (http://localhost:7200/static/js/bundle.js:20:70)
    at options.factory (http://localhost:7200/static/js/bundle.js:41652:30)
    at __webpack_require__ (http://localhost:7200/static/js/bundle.js:41042:32)
    at fn (http://localhost:7200/static/js/bundle.js:41245:21)
    at hotRequire (http://localhost:7200/static/js/bundle.js:41635:47)
[   57320ms] [INFO] %cDownload the React DevTools for a better development experience: https://react.dev/link/react-devtools font-weight:bold @ https://assets.emergent.sh/scripts/emergent-main.js:55
[   57375ms] TypeError: _lib_api__WEBPACK_IMPORTED_MODULE_12__.api.models is not a function
    at http://localhost:7200/static/js/bundle.js:4681:48
    at react-stack-bottom-frame (http://localhost:7200/static/js/bundle.js:32707:18)
    at runWithFiberInDEV (http://localhost:7200/static/js/bundle.js:21189:14)
    at commitHookEffectListMount (http://localhost:7200/static/js/bundle.js:26304:618)
    at commitHookPassiveMountEffects (http://localhost:7200/static/js/bundle.js:26341:56)
    at commitPassiveMountOnFiber (http://localhost:7200/static/js/bundle.js:27248:25)
    at recursivelyTraversePassiveMountEffects (http://localhost:7200/static/js/bundle.js:27239:104)
    at commitPassiveMountOnFiber (http://localhost:7200/static/js/bundle.js:27281:9)
    at recursivelyTraversePassiveMountEffects (http://localhost:7200/static/js/bundle.js:27239:104)
    at commitPassiveMountOnFiber (http://localhost:7200/static/js/bundle.js:27247:9)
[   57371ms] [WARNING] %s

%s
 An error occurred in the <Header> component. Consider adding an error boundary to your tree to customize error handling behavior.
Visit https://react.dev/link/error-boundaries to learn more about error boundaries. @ https://assets.emergent.sh/scripts/emergent-main.js:55
[   57375ms] TypeError: _lib_api__WEBPACK_IMPORTED_MODULE_12__.api.models is not a function
    at http://localhost:7200/static/js/bundle.js:4681:48
    at react-stack-bottom-frame (http://localhost:7200/static/js/bundle.js:32707:18)
    at runWithFiberInDEV (http://localhost:7200/static/js/bundle.js:21189:14)
    at commitHookEffectListMount (http://localhost:7200/static/js/bundle.js:26304:618)
    at commitHookPassiveMountEffects (http://localhost:7200/static/js/bundle.js:26341:56)
    at reconnectPassiveEffects (http://localhost:7200/static/js/bundle.js:27295:9)
    at recursivelyTraverseReconnectPassiveEffects (http://localhost:7200/static/js/bundle.js:27286:66)
    at reconnectPassiveEffects (http://localhost:7200/static/js/bundle.js:27309:9)
    at recursivelyTraverseReconnectPassiveEffects (http://localhost:7200/static/js/bundle.js:27286:66)
    at reconnectPassiveEffects (http://localhost:7200/static/js/bundle.js:27294:9)
[   57373ms] [WARNING] %s

%s
 An error occurred in the <Header> component. Consider adding an error boundary to your tree to customize error handling behavior.
Visit https://react.dev/link/error-boundaries to learn more about error boundaries. @ https://assets.emergent.sh/scripts/emergent-main.js:55
[   57503ms] [ERROR] Failed to load resource: the server responded with a status of 401 (Unauthorized) @ http://localhost:4000/api/auth/me:0
[   57531ms] [ERROR] Failed to load resource: the server responded with a status of 401 (Unauthorized) @ http://localhost:4000/api/auth/me:0
[   62237ms] TypeError: _lib_api__WEBPACK_IMPORTED_MODULE_12__.api.models is not a function
    at http://localhost:7200/static/js/bundle.js:4681:48
    at react-stack-bottom-frame (http://localhost:7200/static/js/bundle.js:32707:18)
    at runWithFiberInDEV (http://localhost:7200/static/js/bundle.js:21189:14)
    at commitHookEffectListMount (http://localhost:7200/static/js/bundle.js:26304:618)
    at commitHookPassiveMountEffects (http://localhost:7200/static/js/bundle.js:26341:56)
    at commitPassiveMountOnFiber (http://localhost:7200/static/js/bundle.js:27248:25)
    at recursivelyTraversePassiveMountEffects (http://localhost:7200/static/js/bundle.js:27239:104)
    at commitPassiveMountOnFiber (http://localhost:7200/static/js/bundle.js:27281:9)
    at recursivelyTraversePassiveMountEffects (http://localhost:7200/static/js/bundle.js:27239:104)
    at commitPassiveMountOnFiber (http://localhost:7200/static/js/bundle.js:27247:9)
[   62236ms] [WARNING] %s

%s
 An error occurred in the <Header> component. Consider adding an error boundary to your tree to customize error handling behavior.
Visit https://react.dev/link/error-boundaries to learn more about error boundaries. @ https://assets.emergent.sh/scripts/emergent-main.js:55
[   62240ms] TypeError: _lib_api__WEBPACK_IMPORTED_MODULE_12__.api.models is not a function
    at http://localhost:7200/static/js/bundle.js:4681:48
    at react-stack-bottom-frame (http://localhost:7200/static/js/bundle.js:32707:18)
    at runWithFiberInDEV (http://localhost:7200/static/js/bundle.js:21189:14)
    at commitHookEffectListMount (http://localhost:7200/static/js/bundle.js:26304:618)
    at commitHookPassiveMountEffects (http://localhost:7200/static/js/bundle.js:26341:56)
    at reconnectPassiveEffects (http://localhost:7200/static/js/bundle.js:27295:9)
    at recursivelyTraverseReconnectPassiveEffects (http://localhost:7200/static/js/bundle.js:27286:66)
    at reconnectPassiveEffects (http://localhost:7200/static/js/bundle.js:27309:9)
    at recursivelyTraverseReconnectPassiveEffects (http://localhost:7200/static/js/bundle.js:27286:66)
    at reconnectPassiveEffects (http://localhost:7200/static/js/bundle.js:27294:9)
[   62239ms] [WARNING] %s

%s
 An error occurred in the <Header> component. Consider adding an error boundary to your tree to customize error handling behavior.
Visit https://react.dev/link/error-boundaries to learn more about error boundaries. @ https://assets.emergent.sh/scripts/emergent-main.js:55
[   75415ms] [ERROR] Failed to load resource: the server responded with a status of 405 (Method Not Allowed) @ http://localhost:4000/api/goals:0
