[  140551ms] [WARNING] Error with Permissions-Policy header: Unrecognized feature: 'attribution-reporting'. @ :0
[  140551ms] [WARNING] Error with Permissions-Policy header: Unrecognized feature: 'shared-storage'. @ :0
[  140551ms] [WARNING] Error with Permissions-Policy header: Unrecognized feature: 'shared-storage-select-url'. @ :0
[  149996ms] [LOG] 
%cStop! font-family:helvetica; font-size:20px; font-size:50px; font-weight:bold; color:red; -webkit-text-stroke:1px black; @ https://static.cdninstagram.com/rsrc.php/v4iQjY4/yH/l/en_US/H1g2o-DfYs6MIb4mNI_xX04ZNVFxw0vLR2LHt94RTJFzeMeFkNKS6eIksAwyPhxoRP4_F8Cr8dKuWv-_GyEOxCamVxEfkdRCBj3eTJ5pVI46FZ4QnVpsQrNqe.js:118
[  149997ms] [LOG] 
%cThis is a browser feature intended for developers. If someone told you to copy-paste something here to enable an Instagram feature or "hack" someone's account, it is a scam and will give them access to your Instagram account. font-family:helvetica; font-size:20px;  @ https://static.cdninstagram.com/rsrc.php/v4iQjY4/yH/l/en_US/H1g2o-DfYs6MIb4mNI_xX04ZNVFxw0vLR2LHt94RTJFzeMeFkNKS6eIksAwyPhxoRP4_F8Cr8dKuWv-_GyEOxCamVxEfkdRCBj3eTJ5pVI46FZ4QnVpsQrNqe.js:118
[  149997ms] [LOG] 
%cSee https://www.facebook.com/selfxss for more information. font-family:helvetica; font-size:20px;  @ https://static.cdninstagram.com/rsrc.php/v4iQjY4/yH/l/en_US/H1g2o-DfYs6MIb4mNI_xX04ZNVFxw0vLR2LHt94RTJFzeMeFkNKS6eIksAwyPhxoRP4_F8Cr8dKuWv-_GyEOxCamVxEfkdRCBj3eTJ5pVI46FZ4QnVpsQrNqe.js:118
[  149997ms] [LOG] 
%c  @ https://static.cdninstagram.com/rsrc.php/v4iQjY4/yH/l/en_US/H1g2o-DfYs6MIb4mNI_xX04ZNVFxw0vLR2LHt94RTJFzeMeFkNKS6eIksAwyPhxoRP4_F8Cr8dKuWv-_GyEOxCamVxEfkdRCBj3eTJ5pVI46FZ4QnVpsQrNqe.js:118
[  150816ms] [INFO] Banner not shown: beforeinstallpromptevent.preventDefault() called. The page must call beforeinstallpromptevent.prompt() to show the banner. @ https://www.instagram.com/vashisht.hitesh/?hl=en:0
[  157175ms] [VERBOSE] [DOM] Input elements should have autocomplete attributes (suggested: "current-password"): (More info: https://goo.gl/9p2vKq) %o @ https://www.instagram.com/accounts/login/?source=desktop_dynamic_landing_dialog&hl=en:0
[  169749ms] [ERROR] ErrorUtils caught an error:

Missing cryptedUid for successful web login

Subsequent non-fatal errors won't be logged; see https://fburl.com/debugjs. {column: 17878, clientTime: 1790595877, extra: Object, guardList: Array(1), hash: pxubko} @ https://static.cdninstagram.com/rsrc.php/v4/yi/r/uvFYCkp4ZzC.js:84
[  170758ms] [WARNING] Error with Permissions-Policy header: Unrecognized feature: 'attribution-reporting'. @ :0
[  170758ms] [WARNING] Error with Permissions-Policy header: Unrecognized feature: 'shared-storage'. @ :0
[  170758ms] [WARNING] Error with Permissions-Policy header: Unrecognized feature: 'shared-storage-select-url'. @ :0
[  175620ms] [LOG] 
%cStop! font-family:helvetica; font-size:20px; font-size:50px; font-weight:bold; color:red; -webkit-text-stroke:1px black; @ https://static.cdninstagram.com/rsrc.php/v4/yi/r/uvFYCkp4ZzC.js:251
[  175620ms] [LOG] 
%cThis is a browser feature intended for developers. If someone told you to copy-paste something here to enable an Instagram feature or "hack" someone's account, it is a scam and will give them access to your Instagram account. font-family:helvetica; font-size:20px;  @ https://static.cdninstagram.com/rsrc.php/v4/yi/r/uvFYCkp4ZzC.js:251
[  175620ms] [LOG] 
%cSee https://www.facebook.com/selfxss for more information. font-family:helvetica; font-size:20px;  @ https://static.cdninstagram.com/rsrc.php/v4/yi/r/uvFYCkp4ZzC.js:251
[  175620ms] [LOG] 
%c  @ https://static.cdninstagram.com/rsrc.php/v4/yi/r/uvFYCkp4ZzC.js:251
[  176246ms] [WARNING] Error with Permissions-Policy header: Unrecognized feature: 'attribution-reporting'. @ :0
[  176246ms] [WARNING] Error with Permissions-Policy header: Unrecognized feature: 'shared-storage'. @ :0
[  176246ms] [WARNING] Error with Permissions-Policy header: Unrecognized feature: 'shared-storage-select-url'. @ :0
[  176271ms] [INFO] Banner not shown: beforeinstallpromptevent.preventDefault() called. The page must call beforeinstallpromptevent.prompt() to show the banner. @ https://www.instagram.com/auth_platform/recaptcha/?apc=Q8HeCgNCbAvfZfp2XX523drlAcB_Ji_ILZ8lrlxiRg1PH9huCZMkyQEUq61peqpMFIg5zZTV82Qs9FjBGVKjwVYZpePpoipnFNruUdxTHxVVNh2fVHxNu0rckc5J3NpzOjjGv3IHM2wPvrk9J6DHC6nAPoXwakDqHorCXOUa0O3RV7LhnCuGi15CsvDLosww-x77cSkUKwYpu1vbCD3f0aIN2sXmsQ5hVRCb3t1MFzk4m-lEn1EJG6BjaOUogENTLDllV95CUXaMsPjoqsPXuxVQr7jSkOkx4Kvd_1upv9bs9YMl0b3NdwhqEJfZod3v-8iP4KsvMVzWxIhKIHicbeTcQG3FOhT_OfocNeo1Hk65qAMVWixEWv_SpnOaTEifolv0eo6MVh2aH0J66ChSy851CacZ3yKwLhEfMP29zPV69bjXVLDRMqWGs2X5zKgpnre9LC-5UMHBmHnErLTIDb7IKPYX97Xz0_i45OjSbMASPxsFX2Q0wdXI_TKsRmNPTBhLgzGiAbVu2JK--7xSzyG6BgLZqvS-TIWZry1doDceZhrW1hazlQRj3JvE5mTgtKoe16YVfrG6PoXJVXvGPpWwkXyXacdyH3E8djayFlH6PzDGEwYBUC6w_lXNgr75vSXMRLqpOo34V0pGBPpTYHXZxX04O0T0KqXePqTO06Y5NZi_XVCXDP5d0o0NA4-dw_FJu44HuVkr-o_6wEvrWzVSCBm9CPiAt526iTlSXd0FAoSAS6BB6ZqlSctpY0dlNiIjRwqYfF7rzk6t-b_rnSN60wfAcCMgG5FqcC4uHzGoWUCg4GFQG6VDScJuzxQWII35iw2LVAuKQJPrM-kcJJ4iH3gC0r0U99z115CBW-Sf0Aua42HJkcnyG75-Rig3gutl13B_1bmNvE566KCo2hGjyhw3Hd25X8u5d-ATyak7DdRf5rnPiG_II3XX7fOt7CPU631_ny3ofsi_jSEX_jzkB0P0u9r24R5QuFyPfq9aYmTMfX9-3jH6MEmxoxrDXB-BgQXqyfATLLFoFSkF6vyWL03WAcpd6v8Mo6-utisTqtVER9P3bv6uJQxLdXsZv7RENquqblxiYWujFl6M9SRkJDzSY3BT2HlBkT2zc-dsMzMx-C3DhXoNI7Ura_2aCGf1CsVMucxOSvl93eQBWEhR31_ap9NIeV-VEe9HDXC0qme6Xsd7DG8hlW2w80bAecLZ_NM9Pc7vByuvKkyZaEF8I9pykObtdPzVqOAOOzyqTj2vzY9YtS97YKJarwhESwycsM4kpZBkqefH-PHmOArCbHON9xwQwXpAK6sgjA3C4TQ8xI1X67_4Mhhq4qAruQQac6cqVMEnqrFD3X1nBBO7Hv3PW2PRyW1VqE7MU9VKBFqcSxoLHkR9hTRi6MQAjPiJQO0F8RuEsxYtS6-vq91lo0TNH6jycVo4N72Ur7WYzgti0Nqz-Ar2EmdKxAuBF087z0UO18drlMXl4WOWcx2gfyc8TKrmm025QJeyon0Oj6moZxf23xGK-03EnidD-EwyMbswjgrcuq1swzziCbKP3y_xBSVlxE-QUGEFT_pVxCjwzffou6IV1gBZQhA1uzJzuUs9bLMLUd06BT8IBbN27GiAEW6jRsw4aBOi0cIejjBDGWuJWgZGrhYc13GKj-HeLuXnOXb69gjPIu1Yp_g2eegqSYOV4o1--INGtKe2tOyVbev5Qw8NbO7wQS-GBUlxOtBAMXd8PsVI7En1TenbSFrRJTzvWqmaa51bTHVYfhaAeKmvOqHUWXMxGGW2piCdOMiD6pPGLPmfdNKhMXyyUu7cyxpODXP0SnEID0DPUwCs-KrFVN9x1ZOzcP48f7X21TRhgntbH6cLAi53GSxb0Q6ujEgBxTTfmmNxredWKa5tz8tQ7aNrfnZuXrmNxUKIyf4Vx8t7NX_X4mM4SGKtQYWKYQNSQRDLoliZ9XkOj48m7dm10qUjVyVmq0wunjDjOeWKMrNgAWvMVJTas6WAcdjWAT50M4fwp90L1o-vLqyPe29BUmiY2O8BYTjarNRzUBJ1DW2U_4YVec77BO7dygdOhlAze_dIUgBosjTnSinbbmZ3Vo4xoaVtzJN-sR_xVbD9Q1lgPToXlGsiDG2GRK3CWqaYsNXxGJevr10rh0corSlpQsxCJovcU2gj5bZ88D9BEsd4CFe9hvb1DGahgNp1yiYvfA0hG6smBw5wNz7DeVDh0cIq2ipBmUPbObek5CsZTAmHjKNMPD-riOQPvnhUS4kVW5Gy44dvO3GxYUmof-QJmwcztNLyClQZumFVduLgk1df_OhX42DgV3XIybuPMvJtbG0U9tQCC5y-0BCw2GoB_C5FGsGCjENN8AydioQkVa8sjISF2-4ixNqMQR9aXsFMSk0zGRxmd02tVwAcYSXyqrytu_wVsGOOaf3Ij0iOBmV7ZVpd7hDo7V0ozep6I4aKsKuR0ld5zmywWojVINMIaAf-e7YGFk_kLqzN1YF-ZCPE0z1x0metig71pjG_6vB4fpPDnGGhAB-h0-T5oVxDao_4GakE__GAjqdRHHJGclCNUjktC9vGe1dUzGP6ytas-ShuEN70-QRDPC1NYzuO-qaA6nU_HBdxNmPgws5CwdbpnE92UaFtLEAZz5MVgop2yy_nTcDV_xGG8r-fpJEtZObQ0Iv4RawSIGZJTY6GJplQrWrLydVSSm-YB0d8KRsOBUXoogclBgYOPrOOzX6dcBlwsAIZAaTfsCR5pd5vIK4dHGgZcsH4qUuzwcTAy2rRMx0E9-pCAwZy--HjSCvZIJloGbPLGiR0K8OCou50DS3Uioqj1oi-FZ5i46k8HPlhSS5TwaLtObfcJTngIB_Msnl3HAQACsY-qd5HLj4Ll2oZb8Q-2vTEfI1Z-5Rp08pvHYqFstmUjh1VQd5-gy7zRoAMKwEcWt_szgtqql6Ya-jYvjT_qhy0615RvZq4AWFp1FffhWQ0Y71hEJQ5HHUwTG0eMJPXMwlTTddNsAiZ5B3k_P2i_CtFUmDWiSHE2vTubuTfSFAO2H4VlP6aQRrQh7UsmtgJFqj2PmULlsexuG0gFzUVQg02vRCR3GF2E-_IHZp-YfPUbGqw2UAf7SeBIPrMz1ASVhM_aNz-oDNYcuVRe04eVWCws5MfQpR5v2-Rai0AtjOcvxhKPDEAbzew_ertxX1E33yelmimbAIcLcf5KYl-dH8LZrC_5mHlgUOi6t9OnaV2vVa6frEotIAVy5tsAYZfWPCm1HzBX_oeCYUiIcodAAwLMkaR4pzl7smW_uFWfi_3J76MWGvEu2nSilJ7ReXX1377G_Md-XKDXviuOBsP9p1b1glDbEMxUgBsucjX%7Capas&device_id=armDrQAEAAEUU82imzviNvDZAZoE&use_instrumented_renderer=1:0
[  177221ms] [WARNING] Error with Permissions-Policy header: Unrecognized feature: 'attribution-reporting'. @ :0
[  177221ms] [WARNING] Error with Permissions-Policy header: Unrecognized feature: 'shared-storage'. @ :0
[  177221ms] [WARNING] Error with Permissions-Policy header: Unrecognized feature: 'shared-storage-select-url'. @ :0
[  181920ms] [ERROR] Permissions policy violation: unload is not allowed in this document. @ https://static.xx.fbcdn.net/rsrc.php/v4/yF/r/lio9c5BIn3u.js:332
