[      86ms] [INFO] %cDownload the React DevTools for a better development experience: https://react.dev/link/react-devtools font-weight:bold @ https://assets.emergent.sh/scripts/emergent-main.js:55
[     105ms] TypeError: _lib_api__WEBPACK_IMPORTED_MODULE_12__.api.models is not a function
    at http://localhost:7200/static/js/bundle.js:4249:48
    at react-stack-bottom-frame (http://localhost:7200/static/js/bundle.js:32258:18)
    at runWithFiberInDEV (http://localhost:7200/static/js/bundle.js:20740:14)
    at commitHookEffectListMount (http://localhost:7200/static/js/bundle.js:25855:618)
    at commitHookPassiveMountEffects (http://localhost:7200/static/js/bundle.js:25892:56)
    at commitPassiveMountOnFiber (http://localhost:7200/static/js/bundle.js:26799:25)
    at recursivelyTraversePassiveMountEffects (http://localhost:7200/static/js/bundle.js:26790:104)
    at commitPassiveMountOnFiber (http://localhost:7200/static/js/bundle.js:26832:9)
    at recursivelyTraversePassiveMountEffects (http://localhost:7200/static/js/bundle.js:26790:104)
    at commitPassiveMountOnFiber (http://localhost:7200/static/js/bundle.js:26798:9)
[     105ms] [WARNING] %s

%s
 An error occurred in the <Header> component. Consider adding an error boundary to your tree to customize error handling behavior.
Visit https://react.dev/link/error-boundaries to learn more about error boundaries. @ https://assets.emergent.sh/scripts/emergent-main.js:55
[     107ms] TypeError: _lib_api__WEBPACK_IMPORTED_MODULE_12__.api.models is not a function
    at http://localhost:7200/static/js/bundle.js:4249:48
    at react-stack-bottom-frame (http://localhost:7200/static/js/bundle.js:32258:18)
    at runWithFiberInDEV (http://localhost:7200/static/js/bundle.js:20740:14)
    at commitHookEffectListMount (http://localhost:7200/static/js/bundle.js:25855:618)
    at commitHookPassiveMountEffects (http://localhost:7200/static/js/bundle.js:25892:56)
    at reconnectPassiveEffects (http://localhost:7200/static/js/bundle.js:26846:9)
    at recursivelyTraverseReconnectPassiveEffects (http://localhost:7200/static/js/bundle.js:26837:66)
    at reconnectPassiveEffects (http://localhost:7200/static/js/bundle.js:26860:9)
    at recursivelyTraverseReconnectPassiveEffects (http://localhost:7200/static/js/bundle.js:26837:66)
    at reconnectPassiveEffects (http://localhost:7200/static/js/bundle.js:26845:9)
[     107ms] [WARNING] %s

%s
 An error occurred in the <Header> component. Consider adding an error boundary to your tree to customize error handling behavior.
Visit https://react.dev/link/error-boundaries to learn more about error boundaries. @ https://assets.emergent.sh/scripts/emergent-main.js:55
[    2548ms] [INFO] %cDownload the React DevTools for a better development experience: https://react.dev/link/react-devtools font-weight:bold @ https://assets.emergent.sh/scripts/emergent-main.js:55
[    2565ms] TypeError: _lib_api__WEBPACK_IMPORTED_MODULE_12__.api.models is not a function
    at http://localhost:7200/static/js/bundle.js:4249:48
    at react-stack-bottom-frame (http://localhost:7200/static/js/bundle.js:32258:18)
    at runWithFiberInDEV (http://localhost:7200/static/js/bundle.js:20740:14)
    at commitHookEffectListMount (http://localhost:7200/static/js/bundle.js:25855:618)
    at commitHookPassiveMountEffects (http://localhost:7200/static/js/bundle.js:25892:56)
    at commitPassiveMountOnFiber (http://localhost:7200/static/js/bundle.js:26799:25)
    at recursivelyTraversePassiveMountEffects (http://localhost:7200/static/js/bundle.js:26790:104)
    at commitPassiveMountOnFiber (http://localhost:7200/static/js/bundle.js:26832:9)
    at recursivelyTraversePassiveMountEffects (http://localhost:7200/static/js/bundle.js:26790:104)
    at commitPassiveMountOnFiber (http://localhost:7200/static/js/bundle.js:26798:9)
[    2565ms] [WARNING] %s

%s
 An error occurred in the <Header> component. Consider adding an error boundary to your tree to customize error handling behavior.
Visit https://react.dev/link/error-boundaries to learn more about error boundaries. @ https://assets.emergent.sh/scripts/emergent-main.js:55
[    2568ms] TypeError: _lib_api__WEBPACK_IMPORTED_MODULE_12__.api.models is not a function
    at http://localhost:7200/static/js/bundle.js:4249:48
    at react-stack-bottom-frame (http://localhost:7200/static/js/bundle.js:32258:18)
    at runWithFiberInDEV (http://localhost:7200/static/js/bundle.js:20740:14)
    at commitHookEffectListMount (http://localhost:7200/static/js/bundle.js:25855:618)
    at commitHookPassiveMountEffects (http://localhost:7200/static/js/bundle.js:25892:56)
    at reconnectPassiveEffects (http://localhost:7200/static/js/bundle.js:26846:9)
    at recursivelyTraverseReconnectPassiveEffects (http://localhost:7200/static/js/bundle.js:26837:66)
    at reconnectPassiveEffects (http://localhost:7200/static/js/bundle.js:26860:9)
    at recursivelyTraverseReconnectPassiveEffects (http://localhost:7200/static/js/bundle.js:26837:66)
    at reconnectPassiveEffects (http://localhost:7200/static/js/bundle.js:26845:9)
[    2568ms] [WARNING] %s

%s
 An error occurred in the <Header> component. Consider adding an error boundary to your tree to customize error handling behavior.
Visit https://react.dev/link/error-boundaries to learn more about error boundaries. @ https://assets.emergent.sh/scripts/emergent-main.js:55
[    5701ms] TypeError: _lib_api__WEBPACK_IMPORTED_MODULE_12__.api.models is not a function
    at http://localhost:7200/static/js/bundle.js:4249:48
    at react-stack-bottom-frame (http://localhost:7200/static/js/bundle.js:32258:18)
    at runWithFiberInDEV (http://localhost:7200/static/js/bundle.js:20740:14)
    at commitHookEffectListMount (http://localhost:7200/static/js/bundle.js:25855:618)
    at commitHookPassiveMountEffects (http://localhost:7200/static/js/bundle.js:25892:56)
    at commitPassiveMountOnFiber (http://localhost:7200/static/js/bundle.js:26799:25)
    at recursivelyTraversePassiveMountEffects (http://localhost:7200/static/js/bundle.js:26790:104)
    at commitPassiveMountOnFiber (http://localhost:7200/static/js/bundle.js:26832:9)
    at recursivelyTraversePassiveMountEffects (http://localhost:7200/static/js/bundle.js:26790:104)
    at commitPassiveMountOnFiber (http://localhost:7200/static/js/bundle.js:26798:9)
[    5700ms] [WARNING] %s

%s
 An error occurred in the <Header> component. Consider adding an error boundary to your tree to customize error handling behavior.
Visit https://react.dev/link/error-boundaries to learn more about error boundaries. @ https://assets.emergent.sh/scripts/emergent-main.js:55
[    5705ms] TypeError: _lib_api__WEBPACK_IMPORTED_MODULE_12__.api.models is not a function
    at http://localhost:7200/static/js/bundle.js:4249:48
    at react-stack-bottom-frame (http://localhost:7200/static/js/bundle.js:32258:18)
    at runWithFiberInDEV (http://localhost:7200/static/js/bundle.js:20740:14)
    at commitHookEffectListMount (http://localhost:7200/static/js/bundle.js:25855:618)
    at commitHookPassiveMountEffects (http://localhost:7200/static/js/bundle.js:25892:56)
    at reconnectPassiveEffects (http://localhost:7200/static/js/bundle.js:26846:9)
    at recursivelyTraverseReconnectPassiveEffects (http://localhost:7200/static/js/bundle.js:26837:66)
    at reconnectPassiveEffects (http://localhost:7200/static/js/bundle.js:26860:9)
    at recursivelyTraverseReconnectPassiveEffects (http://localhost:7200/static/js/bundle.js:26837:66)
    at reconnectPassiveEffects (http://localhost:7200/static/js/bundle.js:26845:9)
[    5704ms] [WARNING] %s

%s
 An error occurred in the <Header> component. Consider adding an error boundary to your tree to customize error handling behavior.
Visit https://react.dev/link/error-boundaries to learn more about error boundaries. @ https://assets.emergent.sh/scripts/emergent-main.js:55
